[2022-10-27 10:23:57,675: INFO/ForkPoolWorker-1] Task tasks.sample_tasks.create_task[31d2f29e-a42d-4bf7-bc57-f7c7fc2fc5d6] succeeded in 30.01056393000181s: True
[2022-10-27 10:23:57,845: INFO/ForkPoolWorker-1] Task tasks.sample_tasks.create_task[a4a6e8cd-81e9-4e9f-8660-add7224de397] succeeded in 10.009842045998084s: True
[2022-10-27 10:23:57,895: INFO/MainProcess] Received task: tasks.sample_tasks.create_task[e05f472f-e26a-4023-b0db-a22acd218cd4]  
[2022-10-27 10:23:58,068: INFO/MainProcess] Received task: tasks.sample_tasks.create_task[feaa14af-e222-4fe6-a5cd-b5d3ff2a3455]  
[2022-10-27 10:23:58,248: INFO/MainProcess] Received task: tasks.sample_tasks.create_task[7a3732a1-9f44-493d-8ebd-b8401cdd4483]  
[2022-10-27 10:23:58,338: INFO/ForkPoolWorker-1] Task tasks.sample_tasks.create_task[cfa0aeaa-ad75-4397-8ad8-c570e93100d4] succeeded in 20.025745467002707s: True
[2022-10-27 10:23:58,405: INFO/ForkPoolWorker-3] Task tasks.sample_tasks.create_task[d6e3c63a-1593-4d1e-a3df-a6f334656c08] succeeded in 30.037086388001626s: True
[2022-10-27 10:23:58,416: INFO/MainProcess] Received task: tasks.sample_tasks.create_task[de38a717-0ac2-493a-b95a-e3f2b693f2dc]  
[2022-10-27 10:23:58,594: INFO/MainProcess] Received task: tasks.sample_tasks.create_task[6963653b-7a55-4a99-9896-7aa350b30389]  
[2022-10-27 10:23:59,101: INFO/MainProcess] Received task: tasks.sample_tasks.create_task[e22e942a-6670-401d-90b1-c6f5489f2f56]  
[2022-10-27 10:23:59,296: INFO/MainProcess] Received task: tasks.sample_tasks.create_task[b93267b7-1ed7-49cb-8097-10c3a1d84036]  
[2022-10-27 10:23:59,463: INFO/MainProcess] Received task: tasks.sample_tasks.create_task[90468bb1-ed9c-4e6c-bca3-5b2c5cb77f6d]  
[2022-10-27 10:23:59,588: INFO/MainProcess] Received task: tasks.sample_tasks.create_task[5ecf83d6-5851-4dc1-b5ed-1223ea9a1513]  
[2022-10-27 10:24:00,055: INFO/MainProcess] Received task: tasks.sample_tasks.create_task[870de50a-4b3c-47c1-8b5e-9e0b0f7b4268]  
[2022-10-27 10:24:00,239: INFO/MainProcess] Received task: tasks.sample_tasks.create_task[9eb4e3ac-6af1-4a60-ab7c-095d4041774f]  
[2022-10-27 10:24:00,398: INFO/MainProcess] Received task: tasks.sample_tasks.create_task[7151bf09-b495-4de7-b7c8-030fdac45d61]  
[2022-10-27 10:24:00,550: INFO/MainProcess] Received task: tasks.sample_tasks.create_task[a6b1f61c-e54b-416b-8b64-adfab5a50b05]  
[2022-10-27 10:24:00,692: INFO/MainProcess] Received task: tasks.sample_tasks.create_task[9cfd686c-da75-41f9-9d93-c1595b8a9fc9]  
[2022-10-27 10:24:00,816: INFO/ForkPoolWorker-4] Task tasks.sample_tasks.create_task[ae257d8e-d4ce-417c-93c1-2e81abc322f2] succeeded in 30.03589438799827s: True
[2022-10-27 10:24:00,835: INFO/MainProcess] Received task: tasks.sample_tasks.create_task[dc31c5e3-2342-4ea9-acea-e364bf2b3ac4]  
[2022-10-27 10:24:00,986: INFO/MainProcess] Received task: tasks.sample_tasks.create_task[c595778a-b9b7-4e4f-8637-7b5500c4be7f]  
[2022-10-27 10:24:01,133: INFO/MainProcess] Received task: tasks.sample_tasks.create_task[1b08798b-6536-4855-b0ad-a09dc690e97a]  
[2022-10-27 10:24:01,536: INFO/MainProcess] Received task: tasks.sample_tasks.create_task[a1bb2bc1-f223-4ede-acf0-9b0c589c568e]  
[2022-10-27 10:24:01,684: INFO/MainProcess] Received task: tasks.sample_tasks.create_task[47dc7360-2508-4c1e-9aed-9d25e412c4ae]  
[2022-10-27 10:24:01,843: INFO/MainProcess] Received task: tasks.sample_tasks.create_task[b0d473cc-53f7-4162-8e15-3929f67e8d1b]  
[2022-10-27 10:24:01,996: INFO/MainProcess] Received task: tasks.sample_tasks.create_task[500cc654-bccc-4b24-9e65-bba46a8c03b2]  
[2022-10-27 10:24:02,158: INFO/MainProcess] Received task: tasks.sample_tasks.create_task[87f2afc4-950e-4d39-82e2-49ae4e411760]  
[2022-10-27 10:24:02,298: INFO/MainProcess] Received task: tasks.sample_tasks.create_task[ec444d80-6e5e-4b01-8280-cf9c18a9b9c6]  
[2022-10-27 10:24:02,434: INFO/MainProcess] Received task: tasks.sample_tasks.create_task[9a426d08-7812-4f05-b7fd-9a26f6a580c1]  
[2022-10-27 10:24:02,592: INFO/MainProcess] Received task: tasks.sample_tasks.create_task[ac075d60-bcf4-4403-99f7-610ba90afa80]  
[2022-10-27 10:24:02,611: INFO/ForkPoolWorker-1] Task tasks.sample_tasks.create_task[4b2e2e74-23f1-45fd-a353-64b09e82e570] succeeded in 10.025936171001376s: True
[2022-10-27 10:24:02,726: INFO/MainProcess] Received task: tasks.sample_tasks.create_task[f29e60e8-5cee-4633-a272-b70719e59f95]  
[2022-10-27 10:24:02,855: INFO/MainProcess] Received task: tasks.sample_tasks.create_task[86b0a951-1de1-4c9d-b88f-a2b108ba261e]  
[2022-10-27 10:24:03,019: INFO/MainProcess] Received task: tasks.sample_tasks.create_task[ffffd48f-24aa-4818-902d-6fc417678083]  
[2022-10-27 10:24:03,124: INFO/ForkPoolWorker-2] Task tasks.sample_tasks.create_task[b19cb66d-441c-4cfa-acab-6ce60789c6a3] succeeded in 20.019161258001986s: True
[2022-10-27 10:24:03,166: INFO/MainProcess] Received task: tasks.sample_tasks.create_task[0cfafe1c-06ce-48aa-a04d-a40f7d033592]  
[2022-10-27 10:24:03,326: INFO/MainProcess] Received task: tasks.sample_tasks.create_task[786c9d8e-9063-4d4a-b515-d073919971e9]  
[2022-10-27 10:24:03,473: INFO/MainProcess] Received task: tasks.sample_tasks.create_task[edb34a1e-976b-4e75-a2ef-d8c82f35a6fc]  
[2022-10-27 10:24:03,616: INFO/MainProcess] Received task: tasks.sample_tasks.create_task[f3c35ec8-4eec-4573-be61-9742df12d490]  
[2022-10-27 10:24:03,766: INFO/MainProcess] Received task: tasks.sample_tasks.create_task[d9399241-d977-410c-bc05-270395ab6264]  
[2022-10-27 10:24:03,882: INFO/ForkPoolWorker-4] Task tasks.sample_tasks.create_task[a486ccca-deac-4354-9a98-dadc584cdf3d] succeeded in 10.012519670999609s: True
[2022-10-27 10:24:03,917: INFO/MainProcess] Received task: tasks.sample_tasks.create_task[52fe3cb7-1808-4a76-9b6d-75f3422a731a]  
[2022-10-27 10:24:04,438: INFO/MainProcess] Received task: tasks.sample_tasks.create_task[2a4e9643-1c6f-4f58-ba38-4a9f58fcef37]  
[2022-10-27 10:24:04,593: INFO/MainProcess] Received task: tasks.sample_tasks.create_task[43d7122d-de7a-4d8d-affa-58db54613e24]  
[2022-10-27 10:24:04,755: INFO/MainProcess] Received task: tasks.sample_tasks.create_task[5eb6ef1d-cb0e-43dd-a4c8-227247ede12f]  
[2022-10-27 10:24:04,939: INFO/MainProcess] Received task: tasks.sample_tasks.create_task[95369f75-cd9f-4134-86cc-36f539beaf5e]  
[2022-10-27 10:24:05,113: INFO/MainProcess] Received task: tasks.sample_tasks.create_task[52abf497-8f00-4ff4-9da3-b08d5775a319]  
[2022-10-27 10:24:05,260: INFO/ForkPoolWorker-2] Task tasks.sample_tasks.create_task[df11d295-b7a8-46c8-bcea-d99529c1ac3d] succeeded in 10.014504629998555s: True
[2022-10-27 10:24:05,276: INFO/MainProcess] Received task: tasks.sample_tasks.create_task[187745dd-cd1d-416c-93a3-81a826fc31f2]  
[2022-10-27 10:24:05,312: INFO/ForkPoolWorker-3] Task tasks.sample_tasks.create_task[ea8d588e-5970-4104-b526-ca1d4da6b1d3] succeeded in 20.024033425001107s: True
[2022-10-27 10:24:05,385: INFO/ForkPoolWorker-2] Task tasks.sample_tasks.create_task[e112d680-4fca-437f-93b7-8ef240b6dce1] succeeded in 30.023930887997267s: True
[2022-10-27 10:24:05,398: INFO/MainProcess] Received task: tasks.sample_tasks.create_task[71936413-6b11-4065-87d2-eb5b19f8cb59]  
[2022-10-27 10:24:05,532: INFO/MainProcess] Received task: tasks.sample_tasks.create_task[9850958a-ab11-4e1e-ad98-fbfbdbc881f8]  
[2022-10-27 10:24:05,692: INFO/MainProcess] Received task: tasks.sample_tasks.create_task[e3ce5190-177f-4610-bc31-be28da9e4e08]  
[2022-10-27 10:24:05,846: INFO/MainProcess] Received task: tasks.sample_tasks.create_task[66516359-cac2-4ccc-8639-030c7f0da358]  
[2022-10-27 10:24:05,948: INFO/ForkPoolWorker-2] Task tasks.sample_tasks.create_task[e08a0aee-243e-4ae9-a59d-c5e7967dba1b] succeeded in 30.036041430001205s: True
[2022-10-27 10:24:06,005: INFO/MainProcess] Received task: tasks.sample_tasks.create_task[c0738708-b3a4-4ba2-83da-a0f966e64943]  
[2022-10-27 10:24:06,015: INFO/ForkPoolWorker-4] Task tasks.sample_tasks.create_task[bbf76da5-f3fe-42f3-8c3c-cf1e2ef55987] succeeded in 30.038136054998176s: True
[2022-10-27 10:24:06,255: INFO/ForkPoolWorker-4] Task tasks.sample_tasks.create_task[39b9255e-c03c-417f-a415-ee88f7c93f55] succeeded in 10.025165421997372s: True
[2022-10-27 10:24:06,304: INFO/MainProcess] Received task: tasks.sample_tasks.create_task[c0c23aa5-7b28-48ea-bdc1-ce5d960e118f]  
[2022-10-27 10:24:06,443: INFO/MainProcess] Received task: tasks.sample_tasks.create_task[fa0f1d4e-59fd-4eb3-9b8a-885c184151e4]  
[2022-10-27 10:24:06,447: INFO/ForkPoolWorker-3] Task tasks.sample_tasks.create_task[b36fc39c-34c5-4fa4-bbea-420b7c2cbf17] succeeded in 20.026770509000926s: True
[2022-10-27 10:24:06,578: INFO/MainProcess] Received task: tasks.sample_tasks.create_task[c7ac79ac-eee5-4005-b0a1-590af176b2bc]  
[2022-10-27 10:24:06,712: INFO/ForkPoolWorker-3] Task tasks.sample_tasks.create_task[d79ca1bb-808e-43e5-9611-7b24c1c75aad] succeeded in 30.037665722000384s: True
[2022-10-27 10:24:06,726: INFO/MainProcess] Received task: tasks.sample_tasks.create_task[3c0c7d04-f15e-4608-a866-093b63457c8a]  
[2022-10-27 10:24:06,935: INFO/ForkPoolWorker-4] Task tasks.sample_tasks.create_task[8800abbe-e596-46a3-a592-c70c25a0bc37] succeeded in 20.008323175999976s: True
[2022-10-27 10:24:07,032: INFO/ForkPoolWorker-3] Task tasks.sample_tasks.create_task[6d5847a2-7957-4da8-bb47-e2b22901b868] succeeded in 10.007120420999854s: True
[2022-10-27 10:24:07,153: INFO/MainProcess] Received task: tasks.sample_tasks.create_task[dc2e1ba6-7df0-4ec3-b2d6-fca563c808e1]  
[2022-10-27 10:24:07,283: INFO/MainProcess] Received task: tasks.sample_tasks.create_task[42aa193f-48a3-49e9-a0eb-676bc4ccc47b]  
[2022-10-27 10:24:07,450: INFO/MainProcess] Received task: tasks.sample_tasks.create_task[c3ee9a91-2433-4b49-98f5-c790cfac728c]  
[2022-10-27 10:24:07,473: INFO/ForkPoolWorker-2] Task tasks.sample_tasks.create_task[903f09f5-5333-436d-a9eb-c1941f08bff7] succeeded in 20.01901163399816s: True
[2022-10-27 10:24:07,589: INFO/MainProcess] Received task: tasks.sample_tasks.create_task[b31fdb73-f13c-4b11-90a1-8afcac60b518]  
[2022-10-27 10:24:07,754: INFO/MainProcess] Received task: tasks.sample_tasks.create_task[625e5298-1108-4093-9ee4-72f53f729dbb]  
[2022-10-27 10:24:07,888: INFO/MainProcess] Received task: tasks.sample_tasks.create_task[345c0c0a-22b5-4239-ac16-0e3d8948cb28]  
[2022-10-27 10:24:08,034: INFO/MainProcess] Received task: tasks.sample_tasks.create_task[565254bf-afd9-430a-a98d-25a381bba067]  
[2022-10-27 10:24:08,168: INFO/ForkPoolWorker-1] Task tasks.sample_tasks.create_task[26ac1a0f-d532-484d-9d85-d55f4df6da6a] succeeded in 20.021202175001235s: True
[2022-10-27 10:24:08,205: INFO/MainProcess] Received task: tasks.sample_tasks.create_task[ee690536-ce94-461f-be87-792190a35a44]  
[2022-10-27 10:24:08,352: INFO/MainProcess] Received task: tasks.sample_tasks.create_task[befdcbb0-5b2b-4aa1-b3da-979c1888e2e9]  
[2022-10-27 10:24:08,499: INFO/MainProcess] Received task: tasks.sample_tasks.create_task[ea9b6b73-6ff5-4b06-a3cf-fb338e4ba9cc]  
[2022-10-27 10:24:08,614: INFO/ForkPoolWorker-2] Task tasks.sample_tasks.create_task[6963653b-7a55-4a99-9896-7aa350b30389] succeeded in 10.01364375400226s: True
[2022-10-27 10:24:08,761: INFO/ForkPoolWorker-1] Task tasks.sample_tasks.create_task[96a6ef80-b5c2-43e2-8412-8935f0b68e0d] succeeded in 20.021552842001256s: True
[2022-10-27 10:24:08,854: INFO/MainProcess] Received task: tasks.sample_tasks.create_task[d126849d-ccbb-4c51-852d-cbe2ae75e525]  
[2022-10-27 10:24:09,028: INFO/MainProcess] Received task: tasks.sample_tasks.create_task[4cb91744-bdde-4d81-8d86-a9e108f76c06]  
[2022-10-27 10:24:09,182: INFO/MainProcess] Received task: tasks.sample_tasks.create_task[01b05f76-aa30-4463-9fe6-7e6f20f5798a]  
[2022-10-27 10:24:09,350: INFO/MainProcess] Received task: tasks.sample_tasks.create_task[b0b8645f-5d29-4fd5-a528-078ac6e16637]  
[2022-10-27 10:24:09,496: INFO/MainProcess] Received task: tasks.sample_tasks.create_task[67130815-12b8-49a0-9ab5-b0e65835de0e]  
[2022-10-27 10:24:09,648: INFO/MainProcess] Received task: tasks.sample_tasks.create_task[74490a13-a21e-4728-a322-6a3de39b7adc]  
[2022-10-27 10:24:09,805: INFO/MainProcess] Received task: tasks.sample_tasks.create_task[653c8a92-c336-49af-aa1a-23ca61ee83d9]  
[2022-10-27 10:24:09,997: INFO/MainProcess] Received task: tasks.sample_tasks.create_task[6579edf8-979c-4c7a-ae6d-aa9cbf423c2e]  
[2022-10-27 10:24:10,166: INFO/MainProcess] Received task: tasks.sample_tasks.create_task[0a9f7654-30a8-4d6c-b969-6063e55af8f9]  
[2022-10-27 10:24:10,320: INFO/MainProcess] Received task: tasks.sample_tasks.create_task[c4ffc06f-3bf1-4f9d-a72f-15d38324e797]  
[2022-10-27 10:24:10,478: INFO/MainProcess] Received task: tasks.sample_tasks.create_task[b7725d81-9d01-493c-a8cf-1e5af067f634]  
[2022-10-27 10:24:10,595: INFO/MainProcess] Received task: tasks.sample_tasks.create_task[27e30d21-3080-4961-8b65-02ea3f020751]  
[2022-10-27 10:24:10,741: INFO/MainProcess] Received task: tasks.sample_tasks.create_task[3a1fabef-a309-42a1-888e-946ee6a34b31]  
[2022-10-27 10:24:10,855: INFO/MainProcess] Received task: tasks.sample_tasks.create_task[a9763d1e-ea84-48ff-911b-c3b7f33e5f38]  
[2022-10-27 10:24:11,344: INFO/MainProcess] Received task: tasks.sample_tasks.create_task[b62972d2-286e-48a4-bf3d-b62bab8ebf0d]  
[2022-10-27 10:24:11,545: INFO/MainProcess] Received task: tasks.sample_tasks.create_task[b4aabb9b-8a7f-4bad-9d91-419687251d24]  
[2022-10-27 10:24:11,696: INFO/MainProcess] Received task: tasks.sample_tasks.create_task[a259b65d-90b9-4ae5-a9ac-0b96894881ae]  
[2022-10-27 10:24:11,835: INFO/MainProcess] Received task: tasks.sample_tasks.create_task[1e2e5b1a-78e2-4590-aac9-0eabda675d27]  
[2022-10-27 10:24:12,008: INFO/MainProcess] Received task: tasks.sample_tasks.create_task[36f21b7e-4b29-4c92-8eb6-6fa9cd541937]  
[2022-10-27 10:24:12,159: INFO/MainProcess] Received task: tasks.sample_tasks.create_task[111c96ae-d722-493e-aa6d-f5f93324399e]  
[2022-10-27 10:24:12,317: INFO/MainProcess] Received task: tasks.sample_tasks.create_task[6f858c62-5d57-42f5-b436-886e36628275]  
[2022-10-27 10:24:12,510: INFO/MainProcess] Received task: tasks.sample_tasks.create_task[d450d1ca-72cc-45eb-813e-554851ceb36d]  
[2022-10-27 10:24:12,639: INFO/MainProcess] Received task: tasks.sample_tasks.create_task[3f26ac4c-030a-45a5-bc3c-e66a4e11fe9b]  
[2022-10-27 10:24:12,815: INFO/MainProcess] Received task: tasks.sample_tasks.create_task[c7aed8f0-3167-4cfa-a351-46cf50b67d17]  
[2022-10-27 10:24:12,970: INFO/MainProcess] Received task: tasks.sample_tasks.create_task[f7049698-7572-44ce-9d00-d7661e2464d7]  
[2022-10-27 10:24:13,142: INFO/MainProcess] Received task: tasks.sample_tasks.create_task[c2abb94c-53ce-4b42-b624-c1159ddad379]  
[2022-10-27 10:24:13,298: INFO/MainProcess] Received task: tasks.sample_tasks.create_task[485ee759-4df1-4750-aa0e-80f83d7d2314]  
[2022-10-27 10:24:13,463: INFO/MainProcess] Received task: tasks.sample_tasks.create_task[7271ca33-2f4b-4ac0-a38e-73c080168e44]  
[2022-10-27 10:24:13,594: INFO/MainProcess] Received task: tasks.sample_tasks.create_task[b9485b78-2861-4fd8-82a9-ed5284b87ef8]  
[2022-10-27 10:24:13,798: INFO/MainProcess] Received task: tasks.sample_tasks.create_task[004a191e-57f5-4ff4-abf8-6ddd8f8373b9]  
[2022-10-27 10:24:13,957: INFO/MainProcess] Received task: tasks.sample_tasks.create_task[58816408-004c-46e0-a083-fff408837aad]  
[2022-10-27 10:24:14,137: INFO/MainProcess] Received task: tasks.sample_tasks.create_task[8937f215-b805-476b-9a24-d8e317047845]  
[2022-10-27 10:24:14,374: INFO/MainProcess] Received task: tasks.sample_tasks.create_task[07ee317a-ed32-435f-87e6-55c17bc64ab5]  
[2022-10-27 10:24:14,749: INFO/MainProcess] Received task: tasks.sample_tasks.create_task[e185af7b-b4d6-4263-8fdc-fb00d155cd18]  
[2022-10-27 10:24:14,901: INFO/MainProcess] Received task: tasks.sample_tasks.create_task[e9c5ff8c-53f5-4ef7-81c5-56849a177d8d]  
[2022-10-27 10:24:15,026: INFO/MainProcess] Received task: tasks.sample_tasks.create_task[9f366fdd-e2b9-4534-b54c-b98d5c26119c]  
[2022-10-27 10:24:15,174: INFO/MainProcess] Received task: tasks.sample_tasks.create_task[0cfd75bf-56c3-4393-befa-3b63031d656a]  
[2022-10-27 10:24:15,310: INFO/MainProcess] Received task: tasks.sample_tasks.create_task[9262e89a-c1e7-4b1f-bcf6-fd2c89e71dd5]  
[2022-10-27 10:24:15,312: INFO/ForkPoolWorker-2] Task tasks.sample_tasks.create_task[a20ac971-b1f8-4e8b-b70a-b1eac5cb4dcd] succeeded in 30.03798134599856s: True
[2022-10-27 10:24:15,399: INFO/ForkPoolWorker-2] Task tasks.sample_tasks.create_task[6e1367e8-7391-4091-aed3-7d4e6f5dedee] succeeded in 10.006070838000596s: True
[2022-10-27 10:24:15,485: INFO/MainProcess] Received task: tasks.sample_tasks.create_task[69260d70-aee4-4811-a8d0-a1b4dc5d215b]  
[2022-10-27 10:24:15,649: INFO/MainProcess] Received task: tasks.sample_tasks.create_task[234274a5-bff6-4810-bf0d-1984f913b560]  
[2022-10-27 10:24:15,904: INFO/ForkPoolWorker-2] Task tasks.sample_tasks.create_task[e7e77946-850e-4146-b778-3ae57eb92b40] succeeded in 20.03094084300028s: True
[2022-10-27 10:24:16,036: INFO/ForkPoolWorker-4] Task tasks.sample_tasks.create_task[dd01bf7f-0fe9-424f-b736-8ca80ab3329b] succeeded in 10.01177446300062s: True
[2022-10-27 10:24:16,074: INFO/MainProcess] Received task: tasks.sample_tasks.create_task[fff2c7cd-87d9-44c9-b973-d353157877e5]  
[2022-10-27 10:24:16,091: INFO/ForkPoolWorker-4] Task tasks.sample_tasks.create_task[d517e7aa-4487-42ed-8546-16adb81c5b5e] succeeded in 30.028985305001697s: True
[2022-10-27 10:24:16,228: INFO/ForkPoolWorker-3] Task tasks.sample_tasks.create_task[e28e1916-8395-4b95-87e0-f3363d3064eb] succeeded in 30.029738012999587s: True
[2022-10-27 10:24:16,361: INFO/MainProcess] Received task: tasks.sample_tasks.create_task[24efbe2f-d112-4fb0-a278-d00eb560e4b0]  
[2022-10-27 10:24:16,429: INFO/MainProcess] Received task: tasks.sample_tasks.create_task[1627dd82-9618-4a2c-a2f0-4b6167edae9f]  
[2022-10-27 10:24:16,463: INFO/ForkPoolWorker-3] Task tasks.sample_tasks.create_task[f277eb8f-944d-4e27-8230-e89e16cefd82] succeeded in 10.007695254000282s: True
[2022-10-27 10:24:16,546: INFO/MainProcess] Received task: tasks.sample_tasks.create_task[355f5878-a8e1-41d7-8f6b-c49f16c59b38]  
[2022-10-27 10:24:16,706: INFO/MainProcess] Received task: tasks.sample_tasks.create_task[ae7f9507-2168-4360-8dee-e2d95ed6ecff]  
[2022-10-27 10:24:16,846: INFO/MainProcess] Received task: tasks.sample_tasks.create_task[da82d1e6-4373-445d-a962-806e63f2e2c7]  
[2022-10-27 10:24:16,904: INFO/ForkPoolWorker-3] Task tasks.sample_tasks.create_task[f74c7e06-6cc6-47dc-9dc5-9671deb66855] succeeded in 30.03597109600014s: True
[2022-10-27 10:24:17,013: INFO/MainProcess] Received task: tasks.sample_tasks.create_task[3e6a5ce8-8586-4e06-b4fe-722cbdb1407e]  
[2022-10-27 10:24:17,203: INFO/MainProcess] Received task: tasks.sample_tasks.create_task[46e9eb21-2b5c-47c3-b3dc-a798809e5874]  
[2022-10-27 10:24:17,337: INFO/MainProcess] Received task: tasks.sample_tasks.create_task[4dd90e02-1c24-4c3a-92a2-9d6eb0904256]  
[2022-10-27 10:24:17,485: INFO/ForkPoolWorker-1] Task tasks.sample_tasks.create_task[5ec5eeb2-e6dc-47db-9b3d-53be79fa4cb2] succeeded in 20.02582434299984s: True
[2022-10-27 10:24:17,510: INFO/MainProcess] Received task: tasks.sample_tasks.create_task[6ec8414d-556f-4523-aee4-2e482eda27e1]  
[2022-10-27 10:24:17,650: INFO/MainProcess] Received task: tasks.sample_tasks.create_task[4a5712c4-0ebe-40e5-918a-c20a866fa913]  
[2022-10-27 10:24:17,784: INFO/MainProcess] Received task: tasks.sample_tasks.create_task[da38f230-bff1-4520-b2eb-429127003045]  
[2022-10-27 10:24:17,941: INFO/MainProcess] Received task: tasks.sample_tasks.create_task[ff3b1a3e-a78b-4b4c-bbdd-488f430d51e3]  
[2022-10-27 10:24:18,102: INFO/MainProcess] Received task: tasks.sample_tasks.create_task[8521727e-819d-46df-9855-29380acd024a]  
[2022-10-27 10:24:18,265: INFO/MainProcess] Received task: tasks.sample_tasks.create_task[a6252309-4bf5-4a68-921f-387858c56c0c]  
[2022-10-27 10:24:18,373: INFO/ForkPoolWorker-1] Task tasks.sample_tasks.create_task[94b0e8d2-c7df-4fd4-9840-ae9761ae8640] succeeded in 20.02615113399952s: True
[2022-10-27 10:24:18,418: INFO/MainProcess] Received task: tasks.sample_tasks.create_task[336ec01c-34b7-4ea9-83f8-f5ef07da4f5b]  
[2022-10-27 10:24:18,568: INFO/MainProcess] Received task: tasks.sample_tasks.create_task[b463976e-af25-4c72-9eb6-d5dcd0a50fca]  
[2022-10-27 10:24:18,715: INFO/MainProcess] Received task: tasks.sample_tasks.create_task[334e7a3a-9d3b-4556-b512-b3c075a6b852]  
[2022-10-27 10:24:18,877: INFO/MainProcess] Received task: tasks.sample_tasks.create_task[c03ece39-cc0c-4e0c-9018-620c30a3365b]  
[2022-10-27 10:24:19,073: INFO/MainProcess] Received task: tasks.sample_tasks.create_task[51ba7884-1cf7-4288-9e16-2ef581e93b56]  
[2022-10-27 10:24:19,507: INFO/ForkPoolWorker-4] Task tasks.sample_tasks.create_task[4fb36bc3-5889-4f96-a350-b35d8b7b5be8] succeeded in 30.0952149299992s: True
[2022-10-27 10:24:19,547: INFO/ForkPoolWorker-3] Task tasks.sample_tasks.create_task[90468bb1-ed9c-4e6c-bca3-5b2c5cb77f6d] succeeded in 20.07499046799785s: True
[2022-10-27 10:24:19,745: INFO/MainProcess] Received task: tasks.sample_tasks.create_task[e0db3788-006d-4fbb-a943-0d68de25ba04]  
[2022-10-27 10:24:19,815: INFO/MainProcess] Received task: tasks.sample_tasks.create_task[80ab92c2-56e3-44cd-946b-9d09dea6916e]  
[2022-10-27 10:24:19,946: INFO/MainProcess] Received task: tasks.sample_tasks.create_task[be1762ac-b2a9-4dc9-941b-033a85037566]  
[2022-10-27 10:24:20,257: INFO/MainProcess] Received task: tasks.sample_tasks.create_task[fa707c8b-bf14-4810-ab9f-2ec51b683070]  
[2022-10-27 10:24:20,288: INFO/MainProcess] Received task: tasks.sample_tasks.create_task[7367ff6f-f6d1-4f4e-9d89-7200df028d40]  
[2022-10-27 10:24:20,341: INFO/MainProcess] Received task: tasks.sample_tasks.create_task[173fcdbb-4e85-4bf0-81b6-635d8d41dc9b]  
[2022-10-27 10:24:20,383: INFO/MainProcess] Received task: tasks.sample_tasks.create_task[7d0b5a2b-bbf0-4a3f-a07c-e8d959fa2f86]  
[2022-10-27 10:24:20,510: INFO/MainProcess] Received task: tasks.sample_tasks.create_task[88fd0d33-65e0-4d62-ab04-e1709c1ca938]  
[2022-10-27 10:24:20,659: INFO/MainProcess] Received task: tasks.sample_tasks.create_task[644de905-eccb-4429-904b-fa150f36dcea]  
[2022-10-27 10:24:20,797: INFO/MainProcess] Received task: tasks.sample_tasks.create_task[8f47d9b2-ee30-4d9b-962b-12904a60bd83]  
[2022-10-27 10:24:20,951: INFO/MainProcess] Received task: tasks.sample_tasks.create_task[d09a26ba-9177-405e-bfdf-6d8373d5163c]  
[2022-10-27 10:24:21,093: INFO/MainProcess] Received task: tasks.sample_tasks.create_task[afbe7b32-7188-42c1-867f-77d57a1962d4]  
[2022-10-27 10:24:21,268: INFO/MainProcess] Received task: tasks.sample_tasks.create_task[36706faa-7570-4be3-8835-3160dd4bf619]  
[2022-10-27 10:24:21,428: INFO/MainProcess] Received task: tasks.sample_tasks.create_task[80c1e47d-9dc3-49e1-a13a-583c93600265]  
[2022-10-27 10:24:21,725: INFO/MainProcess] Received task: tasks.sample_tasks.create_task[c0aaf2a6-510e-40a6-aae9-9108aada06ee]  
[2022-10-27 10:24:23,146: INFO/ForkPoolWorker-1] Task tasks.sample_tasks.create_task[685df2ec-3bb2-4770-96cc-811fb486b989] succeeded in 30.0154408879971s: True
[2022-10-27 10:24:23,178: INFO/ForkPoolWorker-2] Task tasks.sample_tasks.create_task[910378c5-e6bb-4674-8ed3-d979aa302622] succeeded in 20.036123467001744s: True
[2022-10-27 10:24:23,190: INFO/MainProcess] Received task: tasks.sample_tasks.create_task[93904b69-b95c-4dd5-90b6-c657bc40968b]  
[2022-10-27 10:24:23,323: INFO/MainProcess] Received task: tasks.sample_tasks.create_task[23e4e7bb-dde3-4b98-a52e-91b4d50e4024]  
[2022-10-27 10:24:24,615: INFO/ForkPoolWorker-1] Task tasks.sample_tasks.create_task[7e993edb-d400-4d12-8ea5-ebd2034db7b7] succeeded in 30.055138805997558s: True
[2022-10-27 10:24:24,968: INFO/MainProcess] Received task: tasks.sample_tasks.create_task[b051775b-b2bf-4ebe-ba08-9dc2c978b3a0]  
[2022-10-27 10:24:25,297: INFO/ForkPoolWorker-2] Task tasks.sample_tasks.create_task[a7671d39-d985-4986-a528-99d7169fe637] succeeded in 20.023426925999956s: True
[2022-10-27 10:24:25,329: INFO/MainProcess] Received task: tasks.sample_tasks.create_task[2b3ebc65-4a96-4e83-af70-fe2abc27e3bb]  
[2022-10-27 10:24:25,734: INFO/ForkPoolWorker-2] Task tasks.sample_tasks.create_task[50a09797-fc26-421c-bebb-ba36a565c4a3] succeeded in 30.05056651400082s: True
[2022-10-27 10:24:25,879: INFO/MainProcess] Received task: tasks.sample_tasks.create_task[0b82c87c-ead3-4ebe-99ef-5e3683a34da0]  
[2022-10-27 10:24:26,253: INFO/ForkPoolWorker-2] Task tasks.sample_tasks.create_task[10c197c5-8a29-479c-9411-6ba77c358868] succeeded in 30.02325243100131s: True
[2022-10-27 10:24:26,457: INFO/MainProcess] Received task: tasks.sample_tasks.create_task[88f5d317-96be-4f50-9b7e-141f5ff4deed]  
[2022-10-27 10:24:26,477: INFO/ForkPoolWorker-4] Task tasks.sample_tasks.create_task[ab290426-f049-456f-a8ee-e3fe8cc088d6] succeeded in 30.039019888998155s: True
[2022-10-27 10:24:26,597: INFO/MainProcess] Received task: tasks.sample_tasks.create_task[b00a9500-4623-4f92-90e8-5bcaa8923d44]  
[2022-10-27 10:24:26,745: INFO/ForkPoolWorker-3] Task tasks.sample_tasks.create_task[06406588-9458-432a-9882-10d540c74386] succeeded in 20.02370259199961s: True
[2022-10-27 10:24:26,975: INFO/MainProcess] Received task: tasks.sample_tasks.create_task[3a54fe94-f7ac-4984-a364-4e43cccfa8f5]  
[2022-10-27 10:24:27,046: INFO/ForkPoolWorker-3] Task tasks.sample_tasks.create_task[0ebd7ecf-50a8-4f07-99c8-a3720988fe9c] succeeded in 20.00770788400041s: True
[2022-10-27 10:24:27,142: INFO/ForkPoolWorker-3] Task tasks.sample_tasks.create_task[a27a09e2-88fb-4f15-9ad4-52f96fa8aff6] succeeded in 30.03463813900089s: True
[2022-10-27 10:24:27,289: INFO/ForkPoolWorker-1] Task tasks.sample_tasks.create_task[e1cdedf1-601b-4eaa-9e18-5d85a5952dbc] succeeded in 30.034098347001418s: True
[2022-10-27 10:24:27,332: INFO/MainProcess] Received task: tasks.sample_tasks.create_task[50f02f72-5066-4191-ad87-754b5124d698]  
[2022-10-27 10:24:27,330: INFO/MainProcess] Received task: tasks.sample_tasks.create_task[115e130d-5636-49cf-bff2-e1566924974c]  
[2022-10-27 10:24:27,332: INFO/MainProcess] Received task: tasks.sample_tasks.create_task[132ef197-f9ad-4d03-972d-bfd33815c9f8]  
[2022-10-27 10:24:27,511: INFO/ForkPoolWorker-2] Task tasks.sample_tasks.create_task[c0738708-b3a4-4ba2-83da-a0f966e64943] succeeded in 20.031480257999647s: True
[2022-10-27 10:24:27,512: INFO/ForkPoolWorker-1] Task tasks.sample_tasks.create_task[ff1d7b65-8b84-490b-a9db-368e3f3bb704] succeeded in 10.019909254002414s: True
[2022-10-27 10:24:27,638: INFO/ForkPoolWorker-3] Task tasks.sample_tasks.create_task[85c09c04-917f-4ede-b539-fe9147db2a6e] succeeded in 30.022564889000932s: True
[2022-10-27 10:24:27,718: INFO/ForkPoolWorker-1] Task tasks.sample_tasks.create_task[4cc57fd8-62aa-469c-b163-7bc20870babf] succeeded in 30.023611264001374s: True
[2022-10-27 10:24:27,884: INFO/ForkPoolWorker-1] Task tasks.sample_tasks.create_task[e0561bcb-6116-4696-bad9-706e405342fb] succeeded in 30.030609763998655s: True
[2022-10-27 10:24:28,780: INFO/ForkPoolWorker-1] Task tasks.sample_tasks.create_task[5ecf83d6-5851-4dc1-b5ed-1223ea9a1513] succeeded in 20.012303924999287s: True
[2022-10-27 10:24:29,570: INFO/ForkPoolWorker-4] Task tasks.sample_tasks.create_task[8c7e4d2f-e693-4341-883a-cf2ef3ec845b] succeeded in 10.019426588001807s: True
[2022-10-27 10:24:30,617: INFO/ForkPoolWorker-4] Task tasks.sample_tasks.create_task[a6b1f61c-e54b-416b-8b64-adfab5a50b05] succeeded in 30.0565211380017s: True
[2022-10-27 10:24:30,854: INFO/ForkPoolWorker-4] Task tasks.sample_tasks.create_task[97a6d122-a6cc-4cac-b580-78ba0d21e33d] succeeded in 30.030324972001836s: True
[2022-10-27 10:24:30,885: INFO/ForkPoolWorker-3] Task tasks.sample_tasks.create_task[dc31c5e3-2342-4ea9-acea-e364bf2b3ac4] succeeded in 30.04068813900085s: True
[2022-10-27 10:24:32,877: INFO/ForkPoolWorker-1] Task tasks.sample_tasks.create_task[86b0a951-1de1-4c9d-b88f-a2b108ba261e] succeeded in 30.016658262997225s: True
[2022-10-27 10:24:33,935: INFO/ForkPoolWorker-4] Task tasks.sample_tasks.create_task[d1efbcfe-8826-4c8d-aa30-73be8c79dbb0] succeeded in 30.0427404309994s: True
[2022-10-27 10:24:33,979: INFO/ForkPoolWorker-4] Task tasks.sample_tasks.create_task[52fe3cb7-1808-4a76-9b6d-75f3422a731a] succeeded in 30.052458804999333s: True
[2022-10-27 10:24:35,354: INFO/ForkPoolWorker-3] Task tasks.sample_tasks.create_task[b0d473cc-53f7-4162-8e15-3929f67e8d1b] succeeded in 30.0346465549992s: True
[2022-10-27 10:24:35,363: INFO/ForkPoolWorker-2] Task tasks.sample_tasks.create_task[b3cc4da6-961d-4119-86f4-47e4c12dc068] succeeded in 20.02358880000247s: True
[2022-10-27 10:24:35,959: INFO/ForkPoolWorker-2] Task tasks.sample_tasks.create_task[bc54b8d3-e024-481f-8008-f41fff2cbfea] succeeded in 20.04181663399868s: True
[2022-10-27 10:24:36,005: INFO/ForkPoolWorker-2] Task tasks.sample_tasks.create_task[e4006322-06e4-4e1d-b5d4-f61b89db637e] succeeded in 30.03829834700082s: True
[2022-10-27 10:24:36,111: INFO/ForkPoolWorker-4] Task tasks.sample_tasks.create_task[8fce7aa2-d365-4344-b0e3-57445a9fd762] succeeded in 20.008570466998208s: True
[2022-10-27 10:24:36,335: INFO/ForkPoolWorker-4] Task tasks.sample_tasks.create_task[b894668f-91db-4c37-ace2-51479acf859d] succeeded in 30.069202804999804s: True
[2022-10-27 10:24:36,974: INFO/ForkPoolWorker-4] Task tasks.sample_tasks.create_task[2a705ca7-3d73-4950-a47e-874ef75cc0f4] succeeded in 30.03058422200047s: True
[2022-10-27 10:24:37,061: INFO/ForkPoolWorker-3] Task tasks.sample_tasks.create_task[050c539d-dad4-4ab0-89fb-f7b0a9ecad95] succeeded in 10.005911712996749s: True
[2022-10-27 10:24:38,214: INFO/ForkPoolWorker-1] Task tasks.sample_tasks.create_task[f4d46db3-9a9e-479f-83ff-4d59636effc5] succeeded in 30.023458930001652s: True
[2022-10-27 10:24:38,408: INFO/ForkPoolWorker-1] Task tasks.sample_tasks.create_task[2a9327ab-b5bf-4a8a-8aee-ac62501d3bd1] succeeded in 20.022757176000596s: True
[2022-10-27 10:24:38,654: INFO/ForkPoolWorker-2] Task tasks.sample_tasks.create_task[47dc7360-2508-4c1e-9aed-9d25e412c4ae] succeeded in 30.03412967999975s: True
[2022-10-27 10:24:39,599: INFO/ForkPoolWorker-4] Task tasks.sample_tasks.create_task[5bc2667b-690c-4194-b5d1-94f8aa718296] succeeded in 10.018492004997825s: True
[2022-10-27 10:24:40,878: INFO/ForkPoolWorker-4] Task tasks.sample_tasks.create_task[345c0c0a-22b5-4239-ac16-0e3d8948cb28] succeeded in 10.013190130001021s: True
[2022-10-27 10:24:43,201: INFO/ForkPoolWorker-2] Task tasks.sample_tasks.create_task[95369f75-cd9f-4134-86cc-36f539beaf5e] succeeded in 20.004344093002146s: True
[2022-10-27 10:24:45,438: INFO/ForkPoolWorker-2] Task tasks.sample_tasks.create_task[9cfd686c-da75-41f9-9d93-c1595b8a9fc9] succeeded in 30.021438513002067s: True
[2022-10-27 10:24:45,775: INFO/ForkPoolWorker-2] Task tasks.sample_tasks.create_task[48879d63-9ab5-4ecc-bd3e-58f41f22b7e1] succeeded in 20.02839588400093s: True
[2022-10-27 10:24:46,062: INFO/ForkPoolWorker-4] Task tasks.sample_tasks.create_task[abe23eae-bef2-414c-9f79-e158b3cfc810] succeeded in 30.01976405499954s: True
[2022-10-27 10:24:46,278: INFO/ForkPoolWorker-3] Task tasks.sample_tasks.create_task[67893b83-1103-4b6e-b026-239ecb8dd14f] succeeded in 30.035278637999s: True
[2022-10-27 10:24:46,293: INFO/ForkPoolWorker-2] Task tasks.sample_tasks.create_task[e3714e08-fbf9-4532-9ee7-bc9c34cd3169] succeeded in 20.017497843000456s: True
[2022-10-27 10:24:46,545: INFO/ForkPoolWorker-4] Task tasks.sample_tasks.create_task[66516359-cac2-4ccc-8639-030c7f0da358] succeeded in 20.052405092999834s: True
[2022-10-27 10:24:46,570: INFO/ForkPoolWorker-3] Task tasks.sample_tasks.create_task[f64d3d68-3d77-4fa2-aff7-14d02f78dbe1] succeeded in 30.10059101400111s: True
[2022-10-27 10:24:46,932: INFO/ForkPoolWorker-3] Task tasks.sample_tasks.create_task[13c24875-3ccb-471e-a962-3ded3fcd4b27] succeeded in 30.02282184700016s: True
[2022-10-27 10:24:47,172: INFO/ForkPoolWorker-3] Task tasks.sample_tasks.create_task[5c21b9cf-576e-42b3-a6e3-6832726f8f7d] succeeded in 20.024055343001237s: True
[2022-10-27 10:24:47,313: INFO/ForkPoolWorker-1] Task tasks.sample_tasks.create_task[60beec95-c385-42a3-98d0-eeaed32ee952] succeeded in 20.016841052001837s: True
[2022-10-27 10:24:47,548: INFO/ForkPoolWorker-1] Task tasks.sample_tasks.create_task[66ae7b9c-68cd-4ee8-a713-694d9e4c952a] succeeded in 20.01056671799961s: True
[2022-10-27 10:24:47,557: INFO/ForkPoolWorker-2] Task tasks.sample_tasks.create_task[0a9f7654-30a8-4d6c-b969-6063e55af8f9] succeeded in 20.019127217998175s: True
[2022-10-27 10:24:48,811: INFO/ForkPoolWorker-1] Task tasks.sample_tasks.create_task[e3ce5190-177f-4610-bc31-be28da9e4e08] succeeded in 20.01925705100075s: True
[2022-10-27 10:24:49,615: INFO/ForkPoolWorker-3] Task tasks.sample_tasks.create_task[9a426d08-7812-4f05-b7fd-9a26f6a580c1] succeeded in 30.046574681000493s: True
[2022-10-27 10:24:50,692: INFO/ForkPoolWorker-4] Task tasks.sample_tasks.create_task[5eb6ef1d-cb0e-43dd-a4c8-227247ede12f] succeeded in 20.046183550999558s: True
[2022-10-27 10:24:53,188: INFO/ForkPoolWorker-1] Task tasks.sample_tasks.create_task[d9399241-d977-410c-bc05-270395ab6264] succeeded in 30.015760179998324s: True
[2022-10-27 10:24:54,669: INFO/ForkPoolWorker-1] Task tasks.sample_tasks.create_task[edb34a1e-976b-4e75-a2ef-d8c82f35a6fc] succeeded in 30.03564701400319s: True
[2022-10-27 10:24:55,362: INFO/ForkPoolWorker-2] Task tasks.sample_tasks.create_task[a626c9d2-89d4-44f3-ab98-3d26b5ae52ee] succeeded in 30.049627555999905s: True
[2022-10-27 10:24:55,393: INFO/ForkPoolWorker-3] Task tasks.sample_tasks.create_task[6579edf8-979c-4c7a-ae6d-aa9cbf423c2e] succeeded in 20.02969692500119s: True
[2022-10-27 10:24:55,801: INFO/ForkPoolWorker-2] Task tasks.sample_tasks.create_task[977a383f-394d-40d1-9b1c-510c3f15c026] succeeded in 10.018260712000483s: True
[2022-10-27 10:24:55,996: INFO/ForkPoolWorker-2] Task tasks.sample_tasks.create_task[e2fbedea-b5f4-4bd1-a832-d087a3b12e36] succeeded in 20.0200743839996s: True
[2022-10-27 10:24:56,031: INFO/ForkPoolWorker-2] Task tasks.sample_tasks.create_task[7bad0313-afe4-49f7-a99a-a2590d837627] succeeded in 20.012623841997993s: True
[2022-10-27 10:24:56,086: INFO/ForkPoolWorker-4] Task tasks.sample_tasks.create_task[f4c981c1-b654-4b4f-9406-16dcb8d3f875] succeeded in 10.013679920997674s: True
[2022-10-27 10:24:56,332: INFO/ForkPoolWorker-2] Task tasks.sample_tasks.create_task[093317ea-efe2-4a9c-8d44-a32758936ec8] succeeded in 10.02306421299727s: True
[2022-10-27 10:24:56,769: INFO/ForkPoolWorker-3] Task tasks.sample_tasks.create_task[81090d10-faae-4c68-9c32-5529bd2bb53a] succeeded in 30.01372838899988s: True
[2022-10-27 10:24:57,194: INFO/ForkPoolWorker-3] Task tasks.sample_tasks.create_task[1ec7950d-2cf5-4cf1-911c-85a7d4f123e8] succeeded in 10.015234671001963s: True
[2022-10-27 10:24:57,338: INFO/ForkPoolWorker-1] Task tasks.sample_tasks.create_task[3756bdc1-90e6-4a5a-8e6d-b4a52a21c277] succeeded in 10.015398211999127s: True
[2022-10-27 10:24:57,682: INFO/ForkPoolWorker-3] Task tasks.sample_tasks.create_task[f29e60e8-5cee-4633-a272-b70719e59f95] succeeded in 30.036809637997067s: True
[2022-10-27 10:24:57,755: INFO/ForkPoolWorker-1] Task tasks.sample_tasks.create_task[788ac0b1-e9af-4376-acbd-31ffdd87bb82] succeeded in 30.026615055998263s: True
[2022-10-27 10:24:57,928: INFO/ForkPoolWorker-1] Task tasks.sample_tasks.create_task[fab550f2-13d1-4c4f-bde8-9327a860e75f] succeeded in 30.031951388999005s: True
[2022-10-27 10:24:58,258: INFO/ForkPoolWorker-1] Task tasks.sample_tasks.create_task[873a57d7-2649-48da-8562-2ea0cd7a88f2] succeeded in 20.023332133998338s: True
[2022-10-27 10:24:58,447: INFO/ForkPoolWorker-1] Task tasks.sample_tasks.create_task[36d7a675-7d12-4a83-8f61-d5361d149afe] succeeded in 20.01921450900045s: True
[2022-10-27 10:24:58,687: INFO/ForkPoolWorker-2] Task tasks.sample_tasks.create_task[71936413-6b11-4065-87d2-eb5b19f8cb59] succeeded in 20.023192926000775s: True
[2022-10-27 10:25:00,732: INFO/ForkPoolWorker-4] Task tasks.sample_tasks.create_task[c3ee9a91-2433-4b49-98f5-c790cfac728c] succeeded in 10.009979504000512s: True
[2022-10-27 10:25:00,909: INFO/ForkPoolWorker-4] Task tasks.sample_tasks.create_task[653c8a92-c336-49af-aa1a-23ca61ee83d9] succeeded in 20.020229551002558s: True
[2022-10-27 10:25:00,940: INFO/ForkPoolWorker-3] Task tasks.sample_tasks.create_task[111c96ae-d722-493e-aa6d-f5f93324399e] succeeded in 30.03411601300104s: True
[2022-10-27 10:25:02,902: INFO/ForkPoolWorker-1] Task tasks.sample_tasks.create_task[c2abb94c-53ce-4b42-b624-c1159ddad379] succeeded in 30.014434180000535s: True
[2022-10-27 10:25:03,215: INFO/ForkPoolWorker-2] Task tasks.sample_tasks.create_task[a9763d1e-ea84-48ff-911b-c3b7f33e5f38] succeeded in 20.00593755099908s: True
[2022-10-27 10:25:04,000: INFO/ForkPoolWorker-4] Task tasks.sample_tasks.create_task[ac075d60-bcf4-4403-99f7-610ba90afa80] succeeded in 30.033689596999466s: True
[2022-10-27 10:25:04,033: INFO/ForkPoolWorker-4] Task tasks.sample_tasks.create_task[58816408-004c-46e0-a083-fff408837aad] succeeded in 30.038702680001734s: True
[2022-10-27 10:25:04,707: INFO/ForkPoolWorker-1] Task tasks.sample_tasks.create_task[befdcbb0-5b2b-4aa1-b3da-979c1888e2e9] succeeded in 10.01081387999875s: True
[2022-10-27 10:25:05,381: INFO/ForkPoolWorker-2] Task tasks.sample_tasks.create_task[f3c35ec8-4eec-4573-be61-9742df12d490] succeeded in 30.011777679999796s: True
[2022-10-27 10:25:05,403: INFO/ForkPoolWorker-2] Task tasks.sample_tasks.create_task[de38a717-0ac2-493a-b95a-e3f2b693f2dc] succeeded in 10.018335297001613s: True
[2022-10-27 10:25:05,485: INFO/ForkPoolWorker-2] Task tasks.sample_tasks.create_task[3a1fabef-a309-42a1-888e-946ee6a34b31] succeeded in 20.025270174999605s: True
[2022-10-27 10:25:05,878: INFO/ForkPoolWorker-2] Task tasks.sample_tasks.create_task[fd0b0803-dd2c-47ec-8bc4-ed2ee9caa613] succeeded in 10.022089921996667s: True
[2022-10-27 10:25:06,061: INFO/ForkPoolWorker-2] Task tasks.sample_tasks.create_task[76b7f9cb-81de-4add-86ed-66ee2e71bf29] succeeded in 10.020952921000571s: True
[2022-10-27 10:25:06,149: INFO/ForkPoolWorker-4] Task tasks.sample_tasks.create_task[49ec473f-b125-4421-9656-377278aa0916] succeeded in 30.02788226300254s: True
[2022-10-27 10:25:06,315: INFO/ForkPoolWorker-3] Task tasks.sample_tasks.create_task[94740512-bcaa-4527-b8ea-9bf1ed451298] succeeded in 20.016176509001525s: True
[2022-10-27 10:25:06,363: INFO/ForkPoolWorker-4] Task tasks.sample_tasks.create_task[be7a39ad-5936-43d5-b422-06b28e66a9b9] succeeded in 30.010895264000283s: True
[2022-10-27 10:25:06,656: INFO/ForkPoolWorker-3] Task tasks.sample_tasks.create_task[9850958a-ab11-4e1e-ad98-fbfbdbc881f8] succeeded in 20.039079592002963s: True
[2022-10-27 10:25:07,012: INFO/ForkPoolWorker-4] Task tasks.sample_tasks.create_task[d520313b-459c-4ff9-bd81-ac727d911177] succeeded in 30.018978805001097s: True
[2022-10-27 10:25:07,088: INFO/ForkPoolWorker-3] Task tasks.sample_tasks.create_task[081af6d9-29c6-4d29-bca8-1a0fa7a1fe61] succeeded in 30.019277389001218s: True
[2022-10-27 10:25:07,229: INFO/ForkPoolWorker-3] Task tasks.sample_tasks.create_task[6d0af4a3-c29b-445c-8e11-ebbf946bc22a] succeeded in 10.028336254999886s: True
[2022-10-27 10:25:07,587: INFO/ForkPoolWorker-1] Task tasks.sample_tasks.create_task[3c0c7d04-f15e-4608-a866-093b63457c8a] succeeded in 20.027275966996967s: True
[2022-10-27 10:25:07,598: INFO/ForkPoolWorker-2] Task tasks.sample_tasks.create_task[9f366fdd-e2b9-4534-b54c-b98d5c26119c] succeeded in 20.029521509000915s: True
[2022-10-27 10:25:07,740: INFO/MainProcess] Received task: tasks.sample_tasks.create_task[27089500-e3d6-4ee3-b2d3-56a6056eb3ed]  
[2022-10-27 10:25:07,865: INFO/MainProcess] Received task: tasks.sample_tasks.create_task[9cc6b8c0-1f9e-4239-88a0-b4ad7bf93065]  
[2022-10-27 10:25:08,061: INFO/MainProcess] Received task: tasks.sample_tasks.create_task[8e6f45fc-e794-424d-a23b-41155cdc5bab]  
[2022-10-27 10:25:08,298: INFO/ForkPoolWorker-1] Task tasks.sample_tasks.create_task[b0c3f955-38b0-426b-9be7-388dc2b0ad5e] succeeded in 10.01572667200162s: True
[2022-10-27 10:25:08,352: INFO/MainProcess] Received task: tasks.sample_tasks.create_task[6240aaf9-ded9-40e9-9783-2a7369e5c351]  
[2022-10-27 10:25:08,415: INFO/MainProcess] Received task: tasks.sample_tasks.create_task[faf38fb0-9d61-4256-80bf-bf30920479ae]  
[2022-10-27 10:25:08,470: INFO/ForkPoolWorker-1] Task tasks.sample_tasks.create_task[7a3732a1-9f44-493d-8ebd-b8401cdd4483] succeeded in 10.009875379997538s: True
[2022-10-27 10:25:08,605: INFO/MainProcess] Received task: tasks.sample_tasks.create_task[88179069-d428-45b3-a106-52e915a6f889]  
[2022-10-27 10:25:08,817: INFO/MainProcess] Received task: tasks.sample_tasks.create_task[037a0447-a4d4-431f-86e3-b8d6227e187a]  
[2022-10-27 10:25:09,339: INFO/MainProcess] Received task: tasks.sample_tasks.create_task[b2d1e0bd-6903-4899-83b4-e3d364a4efb8]  
[2022-10-27 10:25:09,503: INFO/MainProcess] Received task: tasks.sample_tasks.create_task[c32681c0-66ba-4b5c-8ef8-4cecf942f820]  
[2022-10-27 10:25:09,658: INFO/MainProcess] Received task: tasks.sample_tasks.create_task[1840652b-1303-4e13-bbe4-74018d6be756]  
[2022-10-27 10:25:09,656: INFO/ForkPoolWorker-3] Task tasks.sample_tasks.create_task[fa0f1d4e-59fd-4eb3-9b8a-885c184151e4] succeeded in 20.026931426000374s: True
[2022-10-27 10:25:09,662: INFO/ForkPoolWorker-4] Task tasks.sample_tasks.create_task[9454c257-cdb2-4a87-8375-31cd023b37ef] succeeded in 30.050991430001886s: True
[2022-10-27 10:25:09,831: INFO/MainProcess] Received task: tasks.sample_tasks.create_task[49e90f22-d9e8-40d9-8862-0d6e8eb9cd76]  
[2022-10-27 10:25:10,339: INFO/MainProcess] Received task: tasks.sample_tasks.create_task[b8ea326d-83a5-4a56-8a3d-6c3e36d880dc]  
[2022-10-27 10:25:10,520: INFO/MainProcess] Received task: tasks.sample_tasks.create_task[d5fb4bc7-ce16-443d-8620-e39335d63836]  
[2022-10-27 10:25:10,687: INFO/MainProcess] Received task: tasks.sample_tasks.create_task[1045c1d2-9660-4326-a51e-d0204f09af53]  
[2022-10-27 10:25:10,856: INFO/MainProcess] Received task: tasks.sample_tasks.create_task[5f17e97f-2c26-415c-b2c3-48bf269b312c]  
[2022-10-27 10:25:10,971: INFO/MainProcess] Received task: tasks.sample_tasks.create_task[6c31df11-e24a-4bc7-807b-add28484a074]  
[2022-10-27 10:25:11,167: INFO/MainProcess] Received task: tasks.sample_tasks.create_task[20c6a833-64b6-4ca4-a5ae-59dd24751002]  
[2022-10-27 10:25:11,309: INFO/MainProcess] Received task: tasks.sample_tasks.create_task[afb59a25-3ccc-4938-96a7-9f0df3fee048]  
[2022-10-27 10:25:11,678: INFO/MainProcess] Received task: tasks.sample_tasks.create_task[ececd1dd-7a96-41c3-900e-5f50cf26f131]  
[2022-10-27 10:25:11,834: INFO/MainProcess] Received task: tasks.sample_tasks.create_task[19f345c0-ad82-4bd1-a116-969698bd2a5c]  
[2022-10-27 10:25:11,989: INFO/MainProcess] Received task: tasks.sample_tasks.create_task[f492eb72-5fb1-410e-8a51-29ece127c286]  
[2022-10-27 10:25:12,104: INFO/MainProcess] Received task: tasks.sample_tasks.create_task[142e41f2-629d-4568-8d73-3f4bf74a7735]  
[2022-10-27 10:25:12,275: INFO/MainProcess] Received task: tasks.sample_tasks.create_task[1a57853e-3c59-4875-8e54-7e9dca6cf73f]  
[2022-10-27 10:25:12,438: INFO/MainProcess] Received task: tasks.sample_tasks.create_task[4b1faa43-1639-4952-bb09-702cbb9d9fa3]  
[2022-10-27 10:25:12,586: INFO/MainProcess] Received task: tasks.sample_tasks.create_task[9fe6ced1-a7ba-4b8c-be53-cd2d95ae18e9]  
[2022-10-27 10:25:12,933: INFO/MainProcess] Received task: tasks.sample_tasks.create_task[3f594994-d4d7-419c-81f7-b531d13fda76]  
[2022-10-27 10:25:13,111: INFO/MainProcess] Received task: tasks.sample_tasks.create_task[d204389b-9013-4924-ad6f-74ef52934c0e]  
[2022-10-27 10:25:13,331: INFO/MainProcess] Received task: tasks.sample_tasks.create_task[9a9a8fe8-531f-4271-88b8-f919745c821d]  
[2022-10-27 10:25:13,464: INFO/MainProcess] Received task: tasks.sample_tasks.create_task[f4d7d601-81f9-4f03-817e-65b541f7d2e2]  
[2022-10-27 10:25:13,586: INFO/MainProcess] Received task: tasks.sample_tasks.create_task[eaa75e2c-76a6-4bb6-9f9f-a89857cb7f8e]  
[2022-10-27 10:25:14,022: INFO/MainProcess] Received task: tasks.sample_tasks.create_task[daebb51e-71cf-4354-b4b9-6c0c89bfdf0c]  
[2022-10-27 10:25:14,040: INFO/ForkPoolWorker-4] Task tasks.sample_tasks.create_task[625e5298-1108-4093-9ee4-72f53f729dbb] succeeded in 10.014767046999623s: True
[2022-10-27 10:25:14,137: INFO/MainProcess] Received task: tasks.sample_tasks.create_task[9348a021-b908-4c29-b9c2-32bf39d61e57]  
[2022-10-27 10:25:14,299: INFO/MainProcess] Received task: tasks.sample_tasks.create_task[e267f5fe-d7b8-4893-a989-12dd79daf642]  
[2022-10-27 10:25:14,863: INFO/MainProcess] Received task: tasks.sample_tasks.create_task[6a5324bb-c5df-4068-a59f-cd8dc18d9456]  
[2022-10-27 10:25:15,049: INFO/MainProcess] Received task: tasks.sample_tasks.create_task[482f4869-5960-4413-82c7-329f2c94a22d]  
[2022-10-27 10:25:15,218: INFO/MainProcess] Received task: tasks.sample_tasks.create_task[9689a1e4-b9cc-4a12-909f-0cd8d4885013]  
[2022-10-27 10:25:15,389: INFO/MainProcess] Received task: tasks.sample_tasks.create_task[1c23eaa1-e30d-468e-a5ad-06034fea1ed6]  
[2022-10-27 10:25:15,565: INFO/MainProcess] Received task: tasks.sample_tasks.create_task[ff3ee509-4ea6-4b11-a3ed-71581fbeea2b]  
[2022-10-27 10:25:15,667: INFO/MainProcess] Received task: tasks.sample_tasks.create_task[f3faadd2-4e76-4102-a83c-ad5a4c02794f]  
[2022-10-27 10:25:15,903: INFO/ForkPoolWorker-2] Task tasks.sample_tasks.create_task[bd5d12e9-0a00-4ce5-bf30-86ddf4f17e94] succeeded in 10.008474504997139s: True
[2022-10-27 10:25:16,101: INFO/ForkPoolWorker-4] Task tasks.sample_tasks.create_task[187745dd-cd1d-416c-93a3-81a826fc31f2] succeeded in 20.008543051000743s: True
[2022-10-27 10:25:16,136: INFO/MainProcess] Received task: tasks.sample_tasks.create_task[0bc3ef40-a491-4b0e-ab1b-73acb639fa04]  
[2022-10-27 10:25:16,314: INFO/MainProcess] Received task: tasks.sample_tasks.create_task[e3be3020-4618-4fcc-980e-a446959e7085]  
[2022-10-27 10:25:16,382: INFO/ForkPoolWorker-2] Task tasks.sample_tasks.create_task[b7d56812-f483-4398-bc92-3d9f4214aaa6] succeeded in 20.023812551000447s: True
[2022-10-27 10:25:16,648: INFO/ForkPoolWorker-4] Task tasks.sample_tasks.create_task[36f21b7e-4b29-4c92-8eb6-6fa9cd541937] succeeded in 30.031961722001142s: True
[2022-10-27 10:25:16,797: INFO/ForkPoolWorker-3] Task tasks.sample_tasks.create_task[b53dadb3-c850-4679-8d0b-e6d1e8fde85f] succeeded in 20.019596508998802s: True
[2022-10-27 10:25:16,976: INFO/ForkPoolWorker-3] Task tasks.sample_tasks.create_task[870de50a-4b3c-47c1-8b5e-9e0b0f7b4268] succeeded in 30.035078763998172s: True
[2022-10-27 10:25:17,041: INFO/ForkPoolWorker-4] Task tasks.sample_tasks.create_task[e05f472f-e26a-4023-b0db-a22acd218cd4] succeeded in 10.014330212998175s: True
[2022-10-27 10:25:17,372: INFO/ForkPoolWorker-1] Task tasks.sample_tasks.create_task[b93267b7-1ed7-49cb-8097-10c3a1d84036] succeeded in 20.02544601000045s: True
[2022-10-27 10:25:17,947: INFO/ForkPoolWorker-1] Task tasks.sample_tasks.create_task[c0c23aa5-7b28-48ea-bdc1-ce5d960e118f] succeeded in 20.007662259002245s: True
[2022-10-27 10:25:18,325: INFO/ForkPoolWorker-1] Task tasks.sample_tasks.create_task[2484cce8-1ea2-44af-842c-f818642cfec3] succeeded in 10.018003546996624s: True
[2022-10-27 10:25:18,729: INFO/ForkPoolWorker-2] Task tasks.sample_tasks.create_task[b0b8645f-5d29-4fd5-a528-078ac6e16637] succeeded in 20.021814676001668s: True
[2022-10-27 10:25:18,843: INFO/ForkPoolWorker-1] Task tasks.sample_tasks.create_task[1e2e5b1a-78e2-4590-aac9-0eabda675d27] succeeded in 30.025089180002396s: True
[2022-10-27 10:25:20,764: INFO/ForkPoolWorker-4] Task tasks.sample_tasks.create_task[b7725d81-9d01-493c-a8cf-1e5af067f634] succeeded in 20.021826092000993s: True
[2022-10-27 10:25:20,960: INFO/ForkPoolWorker-3] Task tasks.sample_tasks.create_task[234274a5-bff6-4810-bf0d-1984f913b560] succeeded in 20.012743676001264s: True
[2022-10-27 10:25:23,212: INFO/ForkPoolWorker-1] Task tasks.sample_tasks.create_task[f7049698-7572-44ce-9d00-d7661e2464d7] succeeded in 30.018886972000473s: True
[2022-10-27 10:25:23,237: INFO/ForkPoolWorker-2] Task tasks.sample_tasks.create_task[e9c5ff8c-53f5-4ef7-81c5-56849a177d8d] succeeded in 20.01505259300029s: True
[2022-10-27 10:25:25,421: INFO/ForkPoolWorker-2] Task tasks.sample_tasks.create_task[d126849d-ccbb-4c51-852d-cbe2ae75e525] succeeded in 20.026879550998274s: True
[2022-10-27 10:25:25,438: INFO/ForkPoolWorker-3] Task tasks.sample_tasks.create_task[004a191e-57f5-4ff4-abf8-6ddd8f8373b9] succeeded in 30.031600972000888s: True
[2022-10-27 10:25:25,524: INFO/ForkPoolWorker-2] Task tasks.sample_tasks.create_task[e185af7b-b4d6-4263-8fdc-fb00d155cd18] succeeded in 20.034406425998895s: True
[2022-10-27 10:25:26,030: INFO/ForkPoolWorker-2] Task tasks.sample_tasks.create_task[1b08798b-6536-4855-b0ad-a09dc690e97a] succeeded in 30.02839955500167s: True
[2022-10-27 10:25:26,096: INFO/ForkPoolWorker-2] Task tasks.sample_tasks.create_task[19ceef37-425f-42cf-9fdd-93db9b9a6c7e] succeeded in 20.026273299998138s: True
[2022-10-27 10:25:26,117: INFO/ForkPoolWorker-4] Task tasks.sample_tasks.create_task[dc2e1ba6-7df0-4ec3-b2d6-fca563c808e1] succeeded in 10.011525587000506s: True
[2022-10-27 10:25:26,406: INFO/ForkPoolWorker-4] Task tasks.sample_tasks.create_task[e22e942a-6670-401d-90b1-c6f5489f2f56] succeeded in 20.0318202999988s: True
[2022-10-27 10:25:26,687: INFO/ForkPoolWorker-3] Task tasks.sample_tasks.create_task[74490a13-a21e-4728-a322-6a3de39b7adc] succeeded in 20.01174692600034s: True
[2022-10-27 10:25:27,001: INFO/ForkPoolWorker-3] Task tasks.sample_tasks.create_task[ee690536-ce94-461f-be87-792190a35a44] succeeded in 10.0174501290021s: True
[2022-10-27 10:25:27,104: INFO/ForkPoolWorker-3] Task tasks.sample_tasks.create_task[29687a2a-801a-4dcb-a993-2fdd10ef7b81] succeeded in 20.007082049996825s: True
[2022-10-27 10:25:27,614: INFO/ForkPoolWorker-1] Task tasks.sample_tasks.create_task[27e30d21-3080-4961-8b65-02ea3f020751] succeeded in 20.006913216999237s: True
